// Jest Snapshot v1, https://goo.gl/fbAQLP

exports[`EventForm render event form component 1`] = `
<div>
  <h3>
    Event registration form
  </h3>
  <form
    onSubmit={[Function]}
  >
    <div>
      <label
        htmlFor="name"
      >
        name
        <input
          id="name"
          onChange={[Function]}
          type="text"
          value=""
        />
      </label>
    </div>
    <div>
      <label
        htmlFor="description"
      >
        description
        <textarea
          id="description"
          onChange={[Function]}
          value=""
        />
      </label>
    </div>
    <div>
      <label
        htmlFor="quota"
      >
        quota
        <input
          id="quota"
          onChange={[Function]}
          type="number"
          value={0}
        />
      </label>
    </div>
    <div>
      <input
        type="submit"
      />
    </div>
  </form>
</div>
`;
