// Jest Snapshot v1, https://goo.gl/fbAQLP

exports[`EventForm render event form component 1`] = `
<div>
  <h3>
    Event registration form
  </h3>
  <form
    onSubmit={[Function]}
  >
    <Component
      id="name"
      onChange={[Function]}
      value=""
    />
    <Component
      id="description"
      onChange={[Function]}
      value=""
    />
    <Component
      id="quota"
      onChange={[Function]}
      value={0}
    />
    <input
      type="submit"
    />
  </form>
</div>
`;
