// Jest Snapshot v1, https://goo.gl/fbAQLP

exports[`Event container should render self and subcomponents 1`] = `
<div>
  This is the Event container.
  <EventComponent
    event={
      Object {
        "description": "This is the first event.",
        "id": 1,
        "name": "event1",
      }
    }
  />
</div>
`;
