// Jest Snapshot v1, https://goo.gl/fbAQLP

exports[`Event Component renders self. 1`] = `
<div>
  <p>
    name: 
    event1
  </p>
  <p>
    description: 
    This is the first event.
  </p>
  <p>
    quota: 
    10
  </p>
  <p>
    eventStartsAt: 
    2018-03-01T09:00:00
  </p>
  <p>
    eventEndsAt: 
    2018-03-01T17:00:00
  </p>
  <p>
    number of participants: 
    3
  </p>
</div>
`;
