// Jest Snapshot v1, https://goo.gl/fbAQLP

exports[`ParticipantList Component renders self. 1`] = `
<div>
  <ul
    className="mdc-list"
  >
    <li
      className="mdc-list-item"
      key="1"
    >
      <MaterialIcon
        hasRipple={false}
        icon="account_circle"
      />
      <Participant
        eventId={1}
        id={1}
        name="participant1"
        onWaitingList={false}
      />
    </li>
    <li
      className="mdc-list-item"
      key="2"
    >
      <MaterialIcon
        hasRipple={false}
        icon="account_circle"
      />
      <Participant
        eventId={1}
        id={2}
        name="participant2"
        onWaitingList={true}
      />
    </li>
  </ul>
</div>
`;
